 ----------------------------------------------------
    OOO  PPPP  EEEEE N   N M   M PPPP
   O   O P   P E     NN  N MM MM P   P
   O   O PPPP  EEEEE N N N M M M PPPP   -- VERSION
   O   O P     E     N  NN M   M P
    OOO  P     EEEEE N   N M   M P
 ----------------------------------------------------
 running   64 mpi-ranks, with    8 threads/rank
 distrk:  each k-point on   64 cores,    1 groups
 distr:  one band on    1 cores,   64 groups
 using from now: INCAR     
 vasp.5.4.3 09Sep16 (build Apr 12 2017 11:03:34) complex                        
  
 POSCAR found type information on POSCAR  Er Al Ga O 
 POSCAR found :  4 types and      80 ions
 scaLAPACK will be used

 ----------------------------------------------------------------------------- 
|                                                                             |
|           W    W    AA    RRRRR   N    N  II  N    N   GGGG   !!!           |
|           W    W   A  A   R    R  NN   N  II  NN   N  G    G  !!!           |
|           W    W  A    A  R    R  N N  N  II  N N  N  G       !!!           |
|           W WW W  AAAAAA  RRRRR   N  N N  II  N  N N  G  GGG   !            |
|           WW  WW  A    A  R   R   N   NN  II  N   NN  G    G                |
|           W    W  A    A  R    R  N    N  II  N    N   GGGG   !!!           |
|                                                                             |
|      For optimal performance we recommend to set                            |
|        NCORE= 4 - approx SQRT( number of cores)                             |
|      NCORE specifies how many cores store one orbital (NPAR=cpu/NCORE).     |
|      This setting can  greatly improve the performance of VASP for DFT.     |
|      The default,   NCORE=1            might be grossly inefficient         |
|      on modern multi-core architectures or massively parallel machines.     |
|      Do your own testing !!!!                                               |
|      Unfortunately you need to use the default for GW and RPA calculations. |
|      (for HF NCORE is supported but not extensively tested yet)             |
|                                                                             |
 ----------------------------------------------------------------------------- 

 LDA part: xc-table for Pade appr. of Perdew
 POSCAR, INCAR and KPOINTS ok, starting setup
 FFT: planning ...
 WAVECAR not read
 WARNING: chargedensity file is incomplete
 entering main loop
       N       E                     dE             d eps       ncg     rms          rms(c)
DAV:   1     0.744651629825E+04    0.74465E+04   -0.24725E+05  4096   0.231E+03
DAV:   2     0.607754045521E+03   -0.68388E+04   -0.63577E+04  4864   0.722E+02
DAV:   3    -0.608184148462E+03   -0.12159E+04   -0.11926E+04  5184   0.306E+02
DAV:   4    -0.659540813254E+03   -0.51357E+02   -0.51171E+02  5248   0.502E+01
DAV:   5    -0.660362184677E+03   -0.82137E+00   -0.82074E+00  4224   0.662E+00    0.593E+01
RMM:   6    -0.582870404139E+03    0.77492E+02   -0.31600E+02  4677   0.271E+01    0.166E+01
RMM:   7    -0.586668764039E+03   -0.37984E+01   -0.18090E+01  4021   0.158E+01    0.106E+01
RMM:   8    -0.587942958839E+03   -0.12742E+01   -0.12463E+01  4640   0.494E+00    0.601E+00
RMM:   9    -0.588151933663E+03   -0.20897E+00   -0.15862E+00  4055   0.443E+00    0.121E+00
RMM:  10    -0.588205923440E+03   -0.53990E-01   -0.81717E-01  4663   0.150E+00    0.703E-01
RMM:  11    -0.588213571389E+03   -0.76479E-02   -0.12243E-01  4333   0.906E-01    0.392E-01
RMM:  12    -0.588216782350E+03   -0.32110E-02   -0.46699E-02  4519   0.358E-01    0.256E-01
RMM:  13    -0.588217033967E+03   -0.25162E-03   -0.13622E-02  4506   0.270E-01    0.121E-01
RMM:  14    -0.588217185608E+03   -0.15164E-03   -0.30395E-03  4563   0.113E-01    0.882E-02
RMM:  15    -0.588217163929E+03    0.21679E-04   -0.18263E-03  4461   0.759E-02    0.202E-02
RMM:  16    -0.588217187985E+03   -0.24056E-04   -0.31794E-04  3730   0.382E-02    0.165E-02
RMM:  17    -0.588217194925E+03   -0.69396E-05   -0.13229E-04  3356   0.253E-02    0.300E-03
RMM:  18    -0.588217198131E+03   -0.32058E-05   -0.29908E-05  2902   0.199E-02    0.400E-03
RMM:  19    -0.588217198745E+03   -0.61434E-06   -0.12777E-05  2617   0.179E-02    0.172E-03
RMM:  20    -0.588217199370E+03   -0.62559E-06   -0.62654E-06  2454   0.151E-02
   1 F= -.58821720E+03 E0= -.58821720E+03  d E =-.126962E-12  mag=     0.0000
 Found     6 degrees of freedom:
 Adding 6 more for cell shape distortion
 Finite differences POTIM= 0.01500 DOF=  12
 bond charge predicted
       N       E                     dE             d eps       ncg     rms          rms(c)
DAV:   1    -0.589209436095E+03   -0.99224E+00   -0.37625E+01  9088   0.199E+01    0.748E+00
RMM:   2    -0.588263882019E+03    0.94555E+00   -0.29617E+00  6446   0.380E+00    0.325E+00
RMM:   3    -0.588042606907E+03    0.22128E+00   -0.67992E-01  6899   0.206E+00    0.117E+00
RMM:   4    -0.588004435739E+03    0.38171E-01   -0.12212E-01  7031   0.138E+00    0.211E-01
RMM:   5    -0.588005395278E+03   -0.95954E-03   -0.27042E-02  7046   0.415E-01    0.133E-01
RMM:   6    -0.588005296532E+03    0.98746E-04   -0.40210E-03  7215   0.180E-01    0.760E-02
RMM:   7    -0.588005341817E+03   -0.45285E-04   -0.22154E-03  7022   0.841E-02    0.513E-02
RMM:   8    -0.588005285366E+03    0.56451E-04   -0.15829E-04  5972   0.493E-02    0.281E-02
RMM:   9    -0.588005293716E+03   -0.83501E-05   -0.31619E-04  6150   0.281E-02    0.834E-03
RMM:  10    -0.588005291449E+03    0.22665E-05   -0.18749E-05  4218   0.220E-02    0.233E-03
RMM:  11    -0.588005293396E+03   -0.19471E-05   -0.11476E-05  3820   0.186E-02    0.119E-03
RMM:  12    -0.588005294897E+03   -0.15011E-05   -0.86652E-06  3744   0.152E-02    0.103E-03
RMM:  13    -0.588005295326E+03   -0.42865E-06   -0.22613E-06  3326   0.145E-02
   2 F= -.58800530E+03 E0= -.58800530E+03  d E =-.857411E-18  mag=     0.0000
 Finite differences progress:
  Degree of freedom:   1/ 12
  Displacement:        1/  2
  Total:               1/ 24
 bond charge predicted
       N       E                     dE             d eps       ncg     rms          rms(c)
DAV:   1    -0.592793022600E+03   -0.47877E+01   -0.13561E+02  9088   0.385E+01    0.152E+01
RMM:   2    -0.589011645565E+03    0.37814E+01   -0.11818E+01  6374   0.749E+00    0.658E+00
RMM:   3    -0.588133498968E+03    0.87815E+00   -0.24542E+00  6910   0.397E+00    0.241E+00
RMM:   4    -0.587982304526E+03    0.15119E+00   -0.51156E-01  7017   0.296E+00    0.342E-01
RMM:   5    -0.587987807339E+03   -0.55028E-02   -0.99688E-02  7110   0.820E-01    0.228E-01
RMM:   6    -0.587988022493E+03   -0.21515E-03   -0.15587E-02  7118   0.349E-01    0.120E-01
RMM:   7    -0.587988241516E+03   -0.21902E-03   -0.57370E-03  7188   0.154E-01    0.550E-02
RMM:   8    -0.587988235213E+03    0.63029E-05   -0.70831E-04  6667   0.809E-02    0.314E-02
RMM:   9    -0.587988278118E+03   -0.42905E-04   -0.64723E-04  6563   0.409E-02    0.137E-02
RMM:  10    -0.587988281392E+03   -0.32736E-05   -0.83447E-05  5350   0.312E-02    0.537E-03
RMM:  11    -0.587988284536E+03   -0.31443E-05   -0.58035E-05  4957   0.176E-02    0.337E-03
RMM:  12    -0.587988284248E+03    0.28816E-06   -0.69188E-06  3689   0.161E-02
   3 F= -.58798828E+03 E0= -.58798828E+03  d E =-.901836E-15  mag=     0.0000
 Finite differences progress:
  Degree of freedom:   1/ 12
  Displacement:        2/  2
  Total:               2/ 24
 bond charge predicted
       N       E                     dE             d eps       ncg     rms          rms(c)
DAV:   1    -0.591723927666E+03   -0.37356E+01   -0.96240E+01  8960   0.365E+01    0.133E+01
RMM:   2    -0.588667881250E+03    0.30560E+01   -0.11216E+01  6379   0.736E+00    0.492E+00
RMM:   3    -0.588128580608E+03    0.53930E+00   -0.19400E+00  6840   0.371E+00    0.191E+00
RMM:   4    -0.588003962910E+03    0.12462E+00   -0.40566E-01  6948   0.301E+00    0.406E-01
RMM:   5    -0.588006415392E+03   -0.24525E-02   -0.10183E-01  7007   0.787E-01    0.273E-01
RMM:   6    -0.588004857887E+03    0.15575E-02   -0.14824E-02  7115   0.384E-01    0.856E-02
RMM:   7    -0.588005282410E+03   -0.42452E-03   -0.69638E-03  7047   0.170E-01    0.957E-02
RMM:   8    -0.588005074723E+03    0.20769E-03   -0.59095E-04  6645   0.801E-02    0.491E-02
RMM:   9    -0.588005079184E+03   -0.44612E-05   -0.80876E-04  6445   0.423E-02    0.964E-03
RMM:  10    -0.588005077403E+03    0.17810E-05   -0.54207E-05  5300   0.291E-02    0.650E-03
RMM:  11    -0.588005080864E+03   -0.34614E-05   -0.36672E-05  4510   0.190E-02    0.235E-03
RMM:  12    -0.588005082234E+03   -0.13700E-05   -0.73765E-06  3413   0.168E-02    0.259E-03
RMM:  13    -0.588005082376E+03   -0.14160E-06   -0.22237E-06  3228   0.159E-02
   4 F= -.58800508E+03 E0= -.58800508E+03  d E =-.927141E-17  mag=     0.0000
 Finite differences progress:
  Degree of freedom:   2/ 12
  Displacement:        1/  2
  Total:               3/ 24
 bond charge predicted
       N       E                     dE             d eps       ncg     rms          rms(c)
DAV:   1    -0.592791160898E+03   -0.47861E+01   -0.13926E+02  9216   0.387E+01    0.152E+01
RMM:   2    -0.589000574474E+03    0.37906E+01   -0.11726E+01  6394   0.750E+00    0.657E+00
RMM:   3    -0.588135792992E+03    0.86478E+00   -0.24979E+00  6952   0.416E+00    0.242E+00
RMM:   4    -0.587983635121E+03    0.15216E+00   -0.50627E-01  7083   0.255E+00    0.337E-01
RMM:   5    -0.587988123683E+03   -0.44886E-02   -0.95868E-02  7091   0.815E-01    0.226E-01
RMM:   6    -0.587988328752E+03   -0.20507E-03   -0.16024E-02  7112   0.360E-01    0.123E-01
RMM:   7    -0.587988489387E+03   -0.16064E-03   -0.56742E-03  7233   0.168E-01    0.509E-02
RMM:   8    -0.587988518563E+03   -0.29177E-04   -0.76237E-04  6965   0.795E-02    0.321E-02
RMM:   9    -0.587988548987E+03   -0.30424E-04   -0.52565E-04  6726   0.364E-02    0.949E-03
RMM:  10    -0.587988556320E+03   -0.73329E-05   -0.82489E-05  5885   0.285E-02    0.427E-03
RMM:  11    -0.587988559258E+03   -0.29378E-05   -0.46778E-05  5159   0.168E-02    0.230E-03
RMM:  12    -0.587988559138E+03    0.12058E-06   -0.64009E-06  3601   0.127E-02
   5 F= -.58798856E+03 E0= -.58798856E+03  d E =-.153162E-10  mag=    -0.0000
 Finite differences progress:
  Degree of freedom:   2/ 12
  Displacement:        2/  2
  Total:               4/ 24
 bond charge predicted
       N       E                     dE             d eps       ncg     rms          rms(c)
DAV:   1    -0.591723641827E+03   -0.37351E+01   -0.86394E+01  5888   0.357E+01    0.133E+01
RMM:   2    -0.588660414680E+03    0.30632E+01   -0.11148E+01  4228   0.736E+00    0.489E+00
RMM:   3    -0.588126397793E+03    0.53402E+00   -0.19013E+00  4622   0.380E+00    0.193E+00
RMM:   4    -0.587996757963E+03    0.12964E+00   -0.37528E-01  4653   0.260E+00    0.379E-01
RMM:   5    -0.587998753231E+03   -0.19953E-02   -0.96246E-02  4719   0.760E-01    0.271E-01
RMM:   6    -0.587997174056E+03    0.15792E-02   -0.13251E-02  4736   0.369E-01    0.882E-02
RMM:   7    -0.587997531059E+03   -0.35700E-03   -0.66899E-03  4677   0.161E-01    0.883E-02
RMM:   8    -0.587997364050E+03    0.16701E-03   -0.55659E-04  4409   0.767E-02    0.466E-02
RMM:   9    -0.587997375126E+03   -0.11075E-04   -0.88917E-04  4304   0.448E-02    0.170E-02
RMM:  10    -0.587997368052E+03    0.70741E-05   -0.52827E-05  3268   0.302E-02    0.105E-02
RMM:  11    -0.587997370731E+03   -0.26799E-05   -0.53167E-05  3201   0.179E-02    0.240E-03
RMM:  12    -0.587997372407E+03   -0.16755E-05   -0.64478E-06  2273   0.173E-02    0.333E-03
RMM:  13    -0.587997372604E+03   -0.19705E-06   -0.35229E-06  2268   0.167E-02
   6 F= -.58799737E+03 E0= -.58799737E+03  d E =-.403840E-14  mag=     0.0000
 Finite differences progress:
  Degree of freedom:   3/ 12
  Displacement:        1/  2
  Total:               5/ 24
 bond charge predicted
       N       E                     dE             d eps       ncg     rms          rms(c)
DAV:   1    -0.592784262721E+03   -0.47869E+01   -0.15132E+02  6144   0.394E+01    0.152E+01
RMM:   2    -0.589004401720E+03    0.37799E+01   -0.11958E+01  4270   0.755E+00    0.659E+00
RMM:   3    -0.588127346172E+03    0.87706E+00   -0.25511E+00  4619   0.403E+00    0.240E+00
RMM:   4    -0.587973966073E+03    0.15338E+00   -0.49998E-01  4679   0.276E+00    0.339E-01
RMM:   5    -0.587979457824E+03   -0.54918E-02   -0.10189E-01  4720   0.836E-01    0.232E-01
RMM:   6    -0.587979604748E+03   -0.14692E-03   -0.15692E-02  4716   0.354E-01    0.126E-01
RMM:   7    -0.587979811657E+03   -0.20691E-03   -0.60356E-03  4762   0.161E-01    0.563E-02
RMM:   8    -0.587979799796E+03    0.11861E-04   -0.70330E-04  4526   0.804E-02    0.326E-02
RMM:   9    -0.587979840284E+03   -0.40488E-04   -0.64520E-04  4396   0.398E-02    0.148E-02
RMM:  10    -0.587979842714E+03   -0.24298E-05   -0.74691E-05  3540   0.299E-02    0.695E-03
RMM:  11    -0.587979845402E+03   -0.26878E-05   -0.59272E-05  3288   0.176E-02    0.411E-03
RMM:  12    -0.587979845036E+03    0.36588E-06   -0.64533E-06  2504   0.167E-02
   7 F= -.58797985E+03 E0= -.58797985E+03  d E =-.425706E-11  mag=    -0.0000
 Finite differences progress:
  Degree of freedom:   3/ 12
  Displacement:        2/  2
  Total:               6/ 24
 bond charge predicted
       N       E                     dE             d eps       ncg     rms          rms(c)
DAV:   1    -0.589683736670E+03   -0.17039E+01   -0.47015E+01 12160   0.218E+01    0.838E+00
RMM:   2    -0.588508774899E+03    0.11750E+01   -0.32778E+00  8704   0.399E+00    0.392E+00
RMM:   3    -0.588184955171E+03    0.32382E+00   -0.84946E-01  9109   0.233E+00    0.133E+00
RMM:   4    -0.588139457735E+03    0.45497E-01   -0.16457E-01  9316   0.164E+00    0.214E-01
RMM:   5    -0.588141156775E+03   -0.16990E-02   -0.33358E-02  9387   0.496E-01    0.143E-01
RMM:   6    -0.588141123622E+03    0.33153E-04   -0.50744E-03  9479   0.198E-01    0.709E-02
RMM:   7    -0.588141199791E+03   -0.76169E-04   -0.21367E-03  9501   0.930E-02    0.431E-02
RMM:   8    -0.588141167010E+03    0.32781E-04   -0.29631E-04  9013   0.525E-02    0.136E-02
RMM:   9    -0.588141188333E+03   -0.21323E-04   -0.26016E-04  8194   0.261E-02    0.171E-02
RMM:  10    -0.588141180069E+03    0.82641E-05   -0.35334E-05  6984   0.221E-02    0.362E-03
RMM:  11    -0.588141182337E+03   -0.22685E-05   -0.17548E-05  5791   0.156E-02    0.209E-03
RMM:  12    -0.588141183227E+03   -0.88979E-06   -0.47532E-06  4435   0.154E-02
   8 F= -.58814118E+03 E0= -.58814118E+03  d E =-.100099E-11  mag=    -0.0000
 Finite differences progress:
  Degree of freedom:   4/ 12
  Displacement:        1/  2
  Total:               7/ 24
 bond charge predicted
       N       E                     dE             d eps       ncg     rms          rms(c)
DAV:   1    -0.589244065818E+03   -0.11029E+01   -0.52262E+01 10176   0.169E+01    0.704E+00
RMM:   2    -0.588522156963E+03    0.72191E+00   -0.13735E+00  9155   0.345E+00    0.420E+00
RMM:   3    -0.588132096971E+03    0.39006E+00   -0.83509E-01  8305   0.412E+00    0.334E-01
RMM:   4    -0.588140374882E+03   -0.82779E-02   -0.12718E-01  9593   0.932E-01    0.205E-01
RMM:   5    -0.588140926862E+03   -0.55198E-03   -0.14306E-02  8465   0.374E-01    0.103E-01
RMM:   6    -0.588141133453E+03   -0.20659E-03   -0.41168E-03  9399   0.126E-01    0.347E-02
RMM:   7    -0.588141168742E+03   -0.35289E-04   -0.40311E-04  7753   0.715E-02    0.169E-02
RMM:   8    -0.588141195913E+03   -0.27170E-04   -0.32971E-04  8178   0.292E-02    0.106E-02
RMM:   9    -0.588141200831E+03   -0.49179E-05   -0.60494E-05  5812   0.254E-02    0.558E-03
RMM:  10    -0.588141203035E+03   -0.22047E-05   -0.26209E-05  6233   0.179E-02    0.338E-03
RMM:  11    -0.588141203341E+03   -0.30610E-06   -0.60823E-06  4902   0.156E-02
   9 F= -.58814120E+03 E0= -.58814120E+03  d E =-.105429E-11  mag=     0.0000
 Finite differences progress:
  Degree of freedom:   4/ 12
  Displacement:        2/  2
  Total:               8/ 24
 bond charge predicted
       N       E                     dE             d eps       ncg     rms          rms(c)
DAV:   1    -0.588688087848E+03   -0.54688E+00   -0.39035E+01  9600   0.145E+01    0.498E+00
RMM:   2    -0.588344006136E+03    0.34408E+00   -0.90365E-01  9286   0.271E+00    0.297E+00
RMM:   3    -0.588144056748E+03    0.19995E+00   -0.41163E-01  8173   0.301E+00    0.233E-01
RMM:   4    -0.588148843001E+03   -0.47863E-02   -0.70245E-02  9581   0.681E-01    0.138E-01
RMM:   5    -0.588149270326E+03   -0.42733E-03   -0.75602E-03  8494   0.264E-01    0.756E-02
RMM:   6    -0.588149383500E+03   -0.11317E-03   -0.22849E-03  9472   0.883E-02    0.225E-02
RMM:   7    -0.588149391027E+03   -0.75266E-05   -0.21821E-04  7590   0.559E-02    0.134E-02
RMM:   8    -0.588149406460E+03   -0.15433E-04   -0.21379E-04  7695   0.255E-02    0.115E-02
RMM:   9    -0.588149408731E+03   -0.22714E-05   -0.37938E-05  5727   0.235E-02    0.491E-03
RMM:  10    -0.588149409998E+03   -0.12671E-05   -0.19026E-05  5994   0.194E-02    0.275E-03
RMM:  11    -0.588149410434E+03   -0.43558E-06   -0.55222E-06  4804   0.176E-02
  10 F= -.58814941E+03 E0= -.58814941E+03  d E =-.215010E-11  mag=    -0.0000
 Finite differences progress:
  Degree of freedom:   5/ 12
  Displacement:        1/  2
  Total:               9/ 24
 bond charge predicted
       N       E                     dE             d eps       ncg     rms          rms(c)
DAV:   1    -0.589243234159E+03   -0.10938E+01   -0.47029E+01 10240   0.164E+01    0.703E+00
RMM:   2    -0.588530904398E+03    0.71233E+00   -0.13193E+00  9228   0.315E+00    0.418E+00
RMM:   3    -0.588143206917E+03    0.38770E+00   -0.76056E-01  8487   0.336E+00    0.331E-01
RMM:   4    -0.588148698866E+03   -0.54919E-02   -0.10481E-01  9535   0.855E-01    0.203E-01
RMM:   5    -0.588149150393E+03   -0.45153E-03   -0.11888E-02  8591   0.338E-01    0.106E-01
RMM:   6    -0.588149364944E+03   -0.21455E-03   -0.38105E-03  9205   0.121E-01    0.280E-02
RMM:   7    -0.588149391353E+03   -0.26409E-04   -0.43700E-04  8122   0.661E-02    0.174E-02
RMM:   8    -0.588149417011E+03   -0.25658E-04   -0.33406E-04  8049   0.297E-02    0.128E-02
RMM:   9    -0.588149421473E+03   -0.44619E-05   -0.60192E-05  5976   0.259E-02    0.604E-03
RMM:  10    -0.588149423151E+03   -0.16787E-05   -0.30738E-05  6351   0.189E-02    0.313E-03
RMM:  11    -0.588149423827E+03   -0.67527E-06   -0.76908E-06  5011   0.171E-02
  11 F= -.58814942E+03 E0= -.58814942E+03  d E =-.192871E-11  mag=    -0.0000
 Finite differences progress:
  Degree of freedom:   5/ 12
  Displacement:        2/  2
  Total:              10/ 24
 bond charge predicted
       N       E                     dE             d eps       ncg     rms          rms(c)
DAV:   1    -0.588669285419E+03   -0.51986E+00   -0.37298E+01  7360   0.146E+01    0.475E+00
RMM:   2    -0.588356643364E+03    0.31264E+00   -0.84057E-01  6843   0.261E+00    0.288E+00
RMM:   3    -0.588145627818E+03    0.21102E+00   -0.41920E-01  6081   0.309E+00    0.219E-01
RMM:   4    -0.588149150508E+03   -0.35227E-02   -0.68890E-02  7192   0.674E-01    0.152E-01
RMM:   5    -0.588149192115E+03   -0.41607E-04   -0.89760E-03  6292   0.291E-01    0.642E-02
RMM:   6    -0.588149253807E+03   -0.61692E-04   -0.32407E-03  6930   0.978E-02    0.208E-02
RMM:   7    -0.588149252168E+03    0.16386E-05   -0.26874E-04  5816   0.615E-02    0.105E-02
RMM:   8    -0.588149267171E+03   -0.15003E-04   -0.25094E-04  5863   0.277E-02    0.454E-03
RMM:   9    -0.588149270237E+03   -0.30655E-05   -0.47307E-05  4334   0.241E-02    0.222E-03
RMM:  10    -0.588149271323E+03   -0.10869E-05   -0.18543E-05  4604   0.175E-02    0.147E-03
RMM:  11    -0.588149271719E+03   -0.39563E-06   -0.59304E-06  3637   0.146E-02
  12 F= -.58814927E+03 E0= -.58814927E+03  d E =-.162187E-11  mag=    -0.0000
 Finite differences progress:
  Degree of freedom:   6/ 12
  Displacement:        1/  2
  Total:              11/ 24
 bond charge predicted
       N       E                     dE             d eps       ncg     rms          rms(c)
DAV:   1    -0.589222880258E+03   -0.10736E+01   -0.54650E+01  7296   0.176E+01    0.702E+00
RMM:   2    -0.588520824633E+03    0.70206E+00   -0.14062E+00  6845   0.339E+00    0.418E+00
RMM:   3    -0.588142240532E+03    0.37858E+00   -0.84674E-01  6316   0.397E+00    0.330E-01
RMM:   4    -0.588148631639E+03   -0.63911E-02   -0.11106E-01  7153   0.881E-01    0.211E-01
RMM:   5    -0.588149050567E+03   -0.41893E-03   -0.12399E-02  6319   0.362E-01    0.105E-01
RMM:   6    -0.588149302324E+03   -0.25176E-03   -0.41911E-03  6947   0.128E-01    0.322E-02
RMM:   7    -0.588149334315E+03   -0.31991E-04   -0.40380E-04  5905   0.697E-02    0.176E-02
RMM:   8    -0.588149360902E+03   -0.26586E-04   -0.32745E-04  6278   0.305E-02    0.935E-03
RMM:   9    -0.588149365931E+03   -0.50287E-05   -0.60294E-05  4318   0.244E-02    0.502E-03
RMM:  10    -0.588149367862E+03   -0.19315E-05   -0.24971E-05  4527   0.189E-02    0.283E-03
RMM:  11    -0.588149368599E+03   -0.73741E-06   -0.88666E-06  3800   0.157E-02
  13 F= -.58814937E+03 E0= -.58814937E+03  d E =-.101010E-11  mag=     0.0000
 Finite differences progress:
  Degree of freedom:   6/ 12
  Displacement:        2/  2
  Total:              12/ 24
 bond charge predicted
       N       E                     dE             d eps       ncg     rms          rms(c)
DAV:   1    -0.588480463912E+03   -0.33110E+00   -0.15062E+01 10240   0.111E+01    0.352E+00
RMM:   2    -0.588309160721E+03    0.17130E+00   -0.42289E-01  9201   0.169E+00    0.209E+00
RMM:   3    -0.588214023427E+03    0.95137E-01   -0.20107E-01  8472   0.177E+00    0.167E-01
RMM:   4    -0.588215700046E+03   -0.16766E-02   -0.29293E-02  9724   0.441E-01    0.106E-01
RMM:   5    -0.588215757478E+03   -0.57433E-04   -0.27311E-03  8324   0.168E-01    0.562E-02
RMM:   6    -0.588215808748E+03   -0.51269E-04   -0.10050E-03  8998   0.622E-02    0.139E-02
RMM:   7    -0.588215811674E+03   -0.29265E-05   -0.95064E-05  7128   0.361E-02    0.888E-03
RMM:   8    -0.588215817361E+03   -0.56870E-05   -0.77523E-05  6696   0.217E-02    0.622E-03
RMM:   9    -0.588215819194E+03   -0.18331E-05   -0.22798E-05  5461   0.180E-02    0.309E-03
RMM:  10    -0.588215819485E+03   -0.29081E-06   -0.67939E-06  4769   0.168E-02
  14 F= -.58821582E+03 E0= -.58821582E+03  d E =-.109028E-11  mag=     0.0000
 Finite differences progress:
  Degree of freedom:   7/ 12
  Displacement:        1/  2
  Total:              13/ 24
 bond charge predicted
       N       E                     dE             d eps       ncg     rms          rms(c)
DAV:   1    -0.588214088027E+03    0.17312E-02   -0.10726E+00  6912   0.547E+00    0.969E-02
RMM:   2    -0.588215552586E+03   -0.14646E-02   -0.17717E-02  8485   0.364E-01    0.662E-02
RMM:   3    -0.588215796727E+03   -0.24414E-03   -0.41057E-03  9444   0.109E-01    0.320E-02
RMM:   4    -0.588215798568E+03   -0.18401E-05   -0.39905E-04  8409   0.543E-02    0.961E-03
RMM:   5    -0.588215812588E+03   -0.14020E-04   -0.15780E-04  8256   0.205E-02    0.645E-03
RMM:   6    -0.588215813185E+03   -0.59693E-06   -0.14441E-05  5454   0.185E-02    0.344E-03
RMM:   7    -0.588215813757E+03   -0.57161E-06   -0.64090E-06  4760   0.139E-02
  15 F= -.58821581E+03 E0= -.58821581E+03  d E =-.116958E-11  mag=     0.0000
 Finite differences progress:
  Degree of freedom:   7/ 12
  Displacement:        2/  2
  Total:              14/ 24
 bond charge predicted
       N       E                     dE             d eps       ncg     rms          rms(c)
DAV:   1    -0.588214497012E+03    0.13162E-02   -0.38543E-01  6464   0.314E+00    0.713E-02
RMM:   2    -0.588215280511E+03   -0.78350E-03   -0.89733E-03  8751   0.257E-01    0.493E-02
RMM:   3    -0.588215378138E+03   -0.97627E-04   -0.17521E-03  9472   0.774E-02    0.263E-02
RMM:   4    -0.588215382364E+03   -0.42259E-05   -0.22871E-04  8367   0.413E-02    0.800E-03
RMM:   5    -0.588215388399E+03   -0.60351E-05   -0.80461E-05  7863   0.186E-02    0.438E-03
RMM:   6    -0.588215389173E+03   -0.77423E-06   -0.11679E-05  5608   0.176E-02    0.291E-03
RMM:   7    -0.588215389415E+03   -0.24179E-06   -0.38880E-06  4546   0.140E-02
  16 F= -.58821539E+03 E0= -.58821539E+03  d E =-.169905E-11  mag=    -0.0000
 Finite differences progress:
  Degree of freedom:   8/ 12
  Displacement:        1/  2
  Total:              15/ 24
 bond charge predicted
       N       E                     dE             d eps       ncg     rms          rms(c)
DAV:   1    -0.588215286900E+03    0.10227E-03   -0.85764E-02  7168   0.571E-01    0.105E-01
RMM:   2    -0.588215409014E+03   -0.12211E-03   -0.40160E-03  8642   0.200E-01    0.687E-02
RMM:   3    -0.588215367329E+03    0.41685E-04   -0.19514E-03  9432   0.733E-02    0.206E-02
RMM:   4    -0.588215377112E+03   -0.97827E-05   -0.21355E-04  8199   0.430E-02    0.107E-02
RMM:   5    -0.588215388533E+03   -0.11420E-04   -0.13609E-04  7713   0.224E-02    0.461E-03
RMM:   6    -0.588215388720E+03   -0.18791E-06   -0.14100E-05  5720   0.188E-02    0.213E-03
RMM:   7    -0.588215389307E+03   -0.58619E-06   -0.49356E-06  5040   0.149E-02
  17 F= -.58821539E+03 E0= -.58821539E+03  d E =-.171276E-11  mag=     0.0000
 Finite differences progress:
  Degree of freedom:   8/ 12
  Displacement:        2/  2
  Total:              16/ 24
 bond charge predicted
       N       E                     dE             d eps       ncg     rms          rms(c)
DAV:   1    -0.588213635650E+03    0.17531E-02   -0.99581E-01  7808   0.153E+00    0.793E-02
RMM:   2    -0.588214330531E+03   -0.69488E-03   -0.87395E-03  7936   0.418E-01    0.527E-02
RMM:   3    -0.588214893556E+03   -0.56303E-03   -0.68331E-03  9393   0.137E-01    0.234E-02
RMM:   4    -0.588214911867E+03   -0.18311E-04   -0.44149E-04  8421   0.514E-02    0.822E-03
RMM:   5    -0.588214918198E+03   -0.63307E-05   -0.79158E-05  7908   0.193E-02    0.450E-03
RMM:   6    -0.588214918127E+03    0.70613E-07   -0.64972E-06  4783   0.169E-02
  18 F= -.58821492E+03 E0= -.58821492E+03  d E =-.177936E-11  mag=    -0.0000
 Finite differences progress:
  Degree of freedom:   9/ 12
  Displacement:        1/  2
  Total:              17/ 24
 bond charge predicted
       N       E                     dE             d eps       ncg     rms          rms(c)
DAV:   1    -0.588212175436E+03    0.27428E-02   -0.29192E+00  7424   0.257E+00    0.113E-01
RMM:   2    -0.588213520523E+03   -0.13451E-02   -0.17500E-02  7539   0.636E-01    0.775E-02
RMM:   3    -0.588214927181E+03   -0.14067E-02   -0.16604E-02  9427   0.206E-01    0.279E-02
RMM:   4    -0.588214980699E+03   -0.53518E-04   -0.89619E-04  8432   0.716E-02    0.111E-02
RMM:   5    -0.588214992601E+03   -0.11903E-04   -0.13092E-04  8137   0.234E-02    0.588E-03
RMM:   6    -0.588214992798E+03   -0.19669E-06   -0.93540E-06  5205   0.188E-02
  19 F= -.58821499E+03 E0= -.58821499E+03  d E =-.173217E-11  mag=    -0.0000
 Finite differences progress:
  Degree of freedom:   9/ 12
  Displacement:        2/  2
  Total:              18/ 24
 bond charge predicted
       N       E                     dE             d eps       ncg     rms          rms(c)
DAV:   1    -0.588212692659E+03    0.22999E-02   -0.22268E+00  6144   0.264E+00    0.133E-01
RMM:   2    -0.588214555146E+03   -0.18625E-02   -0.22932E-02  7193   0.783E-01    0.661E-02
RMM:   3    -0.588216320392E+03   -0.17652E-02   -0.20621E-02  9131   0.263E-01    0.449E-02
RMM:   4    -0.588216112755E+03    0.20764E-03   -0.10125E-03  8192   0.101E-01    0.216E-02
RMM:   5    -0.588216129656E+03   -0.16901E-04   -0.33393E-04  7698   0.367E-02    0.776E-03
RMM:   6    -0.588216134513E+03   -0.48568E-05   -0.50907E-05  5944   0.273E-02    0.491E-03
RMM:   7    -0.588216136618E+03   -0.21049E-05   -0.22788E-05  5659   0.203E-02    0.323E-03
RMM:   8    -0.588216137521E+03   -0.90326E-06   -0.86252E-06  5145   0.161E-02
  20 F= -.58821614E+03 E0= -.58821614E+03  d E =-.163236E-11  mag=    -0.0000
 Finite differences progress:
  Degree of freedom:  10/ 12
  Displacement:        1/  2
  Total:              19/ 24
 bond charge predicted
       N       E                     dE             d eps       ncg     rms          rms(c)
DAV:   1    -0.588214503085E+03    0.16335E-02   -0.38193E+00  6400   0.299E+00    0.204E-01
RMM:   2    -0.588215078076E+03   -0.57499E-03   -0.23477E-02  7553   0.717E-01    0.113E-01
RMM:   3    -0.588216170899E+03   -0.10928E-02   -0.21334E-02  9259   0.248E-01    0.442E-02
RMM:   4    -0.588216067751E+03    0.10315E-03   -0.78647E-04  7636   0.109E-01    0.243E-02
RMM:   5    -0.588216127386E+03   -0.59636E-04   -0.62713E-04  7929   0.415E-02    0.131E-02
RMM:   6    -0.588216131053E+03   -0.36670E-05   -0.72945E-05  5854   0.366E-02    0.555E-03
RMM:   7    -0.588216134022E+03   -0.29684E-05   -0.30682E-05  6734   0.166E-02    0.329E-03
RMM:   8    -0.588216134261E+03   -0.23967E-06   -0.51722E-06  4646   0.143E-02
  21 F= -.58821613E+03 E0= -.58821613E+03  d E =-.187699E-11  mag=     0.0000
 Finite differences progress:
  Degree of freedom:  10/ 12
  Displacement:        2/  2
  Total:              20/ 24
 bond charge predicted
       N       E                     dE             d eps       ncg     rms          rms(c)
DAV:   1    -0.588212830667E+03    0.33034E-02   -0.25055E+00  6400   0.248E+00    0.152E-01
RMM:   2    -0.588213784117E+03   -0.95345E-03   -0.19283E-02  7573   0.645E-01    0.877E-02
RMM:   3    -0.588214858937E+03   -0.10748E-02   -0.17161E-02  9229   0.217E-01    0.374E-02
RMM:   4    -0.588214734862E+03    0.12408E-03   -0.61077E-04  7388   0.962E-02    0.226E-02
RMM:   5    -0.588214782417E+03   -0.47555E-04   -0.48211E-04  8146   0.372E-02    0.117E-02
RMM:   6    -0.588214779228E+03    0.31889E-05   -0.47261E-05  5662   0.303E-02    0.530E-03
RMM:   7    -0.588214781188E+03   -0.19593E-05   -0.36773E-05  6498   0.170E-02    0.298E-03
RMM:   8    -0.588214781686E+03   -0.49816E-06   -0.56302E-06  4473   0.166E-02
  22 F= -.58821478E+03 E0= -.58821478E+03  d E =-.171799E-11  mag=    -0.0000
 Finite differences progress:
  Degree of freedom:  11/ 12
  Displacement:        1/  2
  Total:              21/ 24
 bond charge predicted
       N       E                     dE             d eps       ncg     rms          rms(c)
DAV:   1    -0.588212492405E+03    0.22888E-02   -0.37765E+00  6144   0.307E+00    0.243E-01
RMM:   2    -0.588213620392E+03   -0.11280E-02   -0.33166E-02  7651   0.779E-01    0.139E-01
RMM:   3    -0.588215004146E+03   -0.13838E-02   -0.27534E-02  9212   0.271E-01    0.549E-02
RMM:   4    -0.588214752395E+03    0.25175E-03   -0.12559E-03  7942   0.125E-01    0.322E-02
RMM:   5    -0.588214830296E+03   -0.77901E-04   -0.78085E-04  8121   0.486E-02    0.232E-02
RMM:   6    -0.588214810265E+03    0.20031E-04   -0.90137E-05  6243   0.363E-02    0.777E-03
RMM:   7    -0.588214818595E+03   -0.83309E-05   -0.94354E-05  7203   0.209E-02    0.904E-03
RMM:   8    -0.588214816848E+03    0.17476E-05   -0.14031E-05  4970   0.199E-02    0.346E-03
RMM:   9    -0.588214817132E+03   -0.28370E-06   -0.72652E-06  4963   0.163E-02
  23 F= -.58821482E+03 E0= -.58821482E+03  d E =-.156912E-11  mag=    -0.0000
 Finite differences progress:
  Degree of freedom:  11/ 12
  Displacement:        2/  2
  Total:              22/ 24
 bond charge predicted
       N       E                     dE             d eps       ncg     rms          rms(c)
DAV:   1    -0.588213517454E+03    0.12994E-02   -0.24926E+00  6144   0.253E+00    0.153E-01
RMM:   2    -0.588214721371E+03   -0.12039E-02   -0.20564E-02  7398   0.687E-01    0.847E-02
RMM:   3    -0.588216197046E+03   -0.14757E-02   -0.19892E-02  9206   0.236E-01    0.388E-02
RMM:   4    -0.588216061953E+03    0.13509E-03   -0.70189E-04  7658   0.100E-01    0.230E-02
RMM:   5    -0.588216124626E+03   -0.62672E-04   -0.60283E-04  8025   0.387E-02    0.150E-02
RMM:   6    -0.588216115028E+03    0.95979E-05   -0.48354E-05  5722   0.321E-02    0.575E-03
RMM:   7    -0.588216117242E+03   -0.22141E-05   -0.41333E-05  6456   0.177E-02    0.255E-03
RMM:   8    -0.588216117977E+03   -0.73565E-06   -0.68926E-06  4492   0.180E-02
  24 F= -.58821612E+03 E0= -.58821612E+03  d E =-.160718E-11  mag=     0.0000
 Finite differences progress:
  Degree of freedom:  12/ 12
  Displacement:        1/  2
  Total:              23/ 24
 bond charge predicted
       N       E                     dE             d eps       ncg     rms          rms(c)
DAV:   1    -0.588214608686E+03    0.15086E-02   -0.38431E+00  6336   0.300E+00    0.201E-01
RMM:   2    -0.588215182387E+03   -0.57370E-03   -0.22743E-02  7581   0.685E-01    0.115E-01
RMM:   3    -0.588216200042E+03   -0.10177E-02   -0.20935E-02  9219   0.245E-01    0.433E-02
RMM:   4    -0.588216051021E+03    0.14902E-03   -0.77889E-04  7746   0.110E-01    0.240E-02
RMM:   5    -0.588216132423E+03   -0.81402E-04   -0.73807E-04  8130   0.431E-02    0.160E-02
RMM:   6    -0.588216119412E+03    0.13011E-04   -0.67305E-05  6113   0.318E-02    0.559E-03
RMM:   7    -0.588216122858E+03   -0.34466E-05   -0.53884E-05  6651   0.165E-02    0.278E-03
RMM:   8    -0.588216123439E+03   -0.58032E-06   -0.71290E-06  4376   0.168E-02
  25 F= -.58821612E+03 E0= -.58821612E+03  d E =-.144917E-11  mag=    -0.0000
 Finite differences progress:
  Degree of freedom:  12/ 12
  Displacement:        2/  2
  Total:              24/ 24
 PROFILE, used timers:     230
