 running on   64 total cores
 distrk:  each k-point on   64 cores,    1 groups
 distr:  one band on    1 cores,   64 groups
 using from now: INCAR     
 vasp.5.4.1 24Jun15 (build Jul  8 2016 11:28:16) complex                         
 POSCAR found type information on POSCAR  Er Al Ga O 
 POSCAR found :  4 types and      80 ions
 scaLAPACK will be used

 ----------------------------------------------------------------------------- 
|                                                                             |
|           W    W    AA    RRRRR   N    N  II  N    N   GGGG   !!!           |
|           W    W   A  A   R    R  NN   N  II  NN   N  G    G  !!!           |
|           W    W  A    A  R    R  N N  N  II  N N  N  G       !!!           |
|           W WW W  AAAAAA  RRRRR   N  N N  II  N  N N  G  GGG   !            |
|           WW  WW  A    A  R   R   N   NN  II  N   NN  G    G                |
|           W    W  A    A  R    R  N    N  II  N    N   GGGG   !!!           |
|                                                                             |
|      For optimal performance we recommend to set                            |
|        NCORE= 4 - approx SQRT( number of cores)                             |
|      NCORE specifies how many cores store one orbital (NPAR=cpu/NCORE).     |
|      This setting can  greatly improve the performance of VASP for DFT.     |
|      The default, NPAR=number of cores might be grossly inefficient         |
|      on modern multi-core architectures or massively parallel machines.     |
|      Do your own testing !!!!                                               |
|      Unfortunately you need to use the default for GW and RPA calculations. |
|      (for HF NCORE is supported but not extensively tested yet)             |
|                                                                             |
 ----------------------------------------------------------------------------- 

 LDA part: xc-table for Pade appr. of Perdew

 ----------------------------------------------------------------------------- 
|                                                                             |
|           W    W    AA    RRRRR   N    N  II  N    N   GGGG   !!!           |
|           W    W   A  A   R    R  NN   N  II  NN   N  G    G  !!!           |
|           W    W  A    A  R    R  N N  N  II  N N  N  G       !!!           |
|           W WW W  AAAAAA  RRRRR   N  N N  II  N  N N  G  GGG   !            |
|           WW  WW  A    A  R   R   N   NN  II  N   NN  G    G                |
|           W    W  A    A  R    R  N    N  II  N    N   GGGG   !!!           |
|                                                                             |
|      The number of bands has been changed from the values supplied          |
|      in the INCAR file. This is a result of running the parallel version.   |
|      The orbitals not found in the WAVECAR file will be initialized with    |
|      random numbers, which is usually adequate. For correlated              |
|      calculations, however, you should redo the groundstate calculation.    |
|      I found NBANDS    =      461  now  NBANDS  =     512                   |
|                                                                             |
 ----------------------------------------------------------------------------- 

 WARNING: stress and forces are not correct
 POSCAR, INCAR and KPOINTS ok, starting setup
 FFT: planning ...
 WAVECAR not read
 charge-density read from file: unknown                                 
 entering main loop
       N       E                     dE             d eps       ncg     rms          rms(c)
DAV:   1     0.623205917581E+04    0.62321E+04   -0.23007E+05 90816   0.176E+03
DAV:   2     0.416314046550E+03   -0.58157E+04   -0.51747E+04 91200   0.593E+02
DAV:   3    -0.541872419743E+03   -0.95819E+03   -0.92680E+03 96576   0.219E+02
DAV:   4    -0.587565188419E+03   -0.45693E+02   -0.45521E+02 96576   0.393E+01
DAV:   5    -0.588149912469E+03   -0.58472E+00   -0.58440E+00 70464   0.447E+00
DAV:   6    -0.588235495866E+03   -0.85583E-01   -0.85579E-01108928   0.235E+00
DAV:   7    -0.588235874481E+03   -0.37862E-03   -0.37860E-03 51200   0.106E-01
   1 F= -.58823587E+03 E0= -.58823587E+03  d E =0.000000E+00
