 ----------------------------------------------------
    OOO  PPPP  EEEEE N   N M   M PPPP
   O   O P   P E     NN  N MM MM P   P
   O   O PPPP  EEEEE N N N M M M PPPP   -- VERSION
   O   O P     E     N  NN M   M P
    OOO  P     EEEEE N   N M   M P
 ----------------------------------------------------
 running   64 mpi-ranks, with    8 threads/rank
 distrk:  each k-point on   64 cores,    1 groups
 distr:  one band on    1 cores,   64 groups
 using from now: INCAR     
 vasp.5.4.3 09Sep16 (build Apr 12 2017 11:03:34) complex                        
  
 POSCAR found type information on POSCAR  Er Al Ga O 
 POSCAR found :  4 types and      80 ions
 scaLAPACK will be used

 ----------------------------------------------------------------------------- 
|                                                                             |
|           W    W    AA    RRRRR   N    N  II  N    N   GGGG   !!!           |
|           W    W   A  A   R    R  NN   N  II  NN   N  G    G  !!!           |
|           W    W  A    A  R    R  N N  N  II  N N  N  G       !!!           |
|           W WW W  AAAAAA  RRRRR   N  N N  II  N  N N  G  GGG   !            |
|           WW  WW  A    A  R   R   N   NN  II  N   NN  G    G                |
|           W    W  A    A  R    R  N    N  II  N    N   GGGG   !!!           |
|                                                                             |
|      For optimal performance we recommend to set                            |
|        NCORE= 4 - approx SQRT( number of cores)                             |
|      NCORE specifies how many cores store one orbital (NPAR=cpu/NCORE).     |
|      This setting can  greatly improve the performance of VASP for DFT.     |
|      The default,   NCORE=1            might be grossly inefficient         |
|      on modern multi-core architectures or massively parallel machines.     |
|      Do your own testing !!!!                                               |
|      Unfortunately you need to use the default for GW and RPA calculations. |
|      (for HF NCORE is supported but not extensively tested yet)             |
|                                                                             |
 ----------------------------------------------------------------------------- 

 LDA part: xc-table for Pade appr. of Perdew

 ----------------------------------------------------------------------------- 
|                                                                             |
|           W    W    AA    RRRRR   N    N  II  N    N   GGGG   !!!           |
|           W    W   A  A   R    R  NN   N  II  NN   N  G    G  !!!           |
|           W    W  A    A  R    R  N N  N  II  N N  N  G       !!!           |
|           W WW W  AAAAAA  RRRRR   N  N N  II  N  N N  G  GGG   !            |
|           WW  WW  A    A  R   R   N   NN  II  N   NN  G    G                |
|           W    W  A    A  R    R  N    N  II  N    N   GGGG   !!!           |
|                                                                             |
|      The number of bands has been changed from the values supplied          |
|      in the INCAR file. This is a result of running the parallel version.   |
|      The orbitals not found in the WAVECAR file will be initialized with    |
|      random numbers, which is usually adequate. For correlated              |
|      calculations, however, you should redo the groundstate calculation.    |
|      I found NBANDS    =      461  now  NBANDS  =     512                   |
|                                                                             |
 ----------------------------------------------------------------------------- 

 WARNING: stress and forces are not correct
 POSCAR, INCAR and KPOINTS ok, starting setup
 FFT: planning ...
 WAVECAR not read
 charge-density read from file: unknown                                 
 WARNING: random wavefunctions but no delay for mixing, default for NELMDL
 entering main loop
       N       E                     dE             d eps       ncg     rms          rms(c)
DAV:   1     0.623218326258E+04    0.62322E+04   -0.23007E+05 90816   0.176E+03
DAV:   2     0.416206145707E+03   -0.58160E+04   -0.51746E+04 91200   0.594E+02
DAV:   3    -0.541874913049E+03   -0.95808E+03   -0.92670E+03 96384   0.219E+02
DAV:   4    -0.587599613559E+03   -0.45725E+02   -0.45551E+02 97024   0.393E+01
DAV:   5    -0.588184985304E+03   -0.58537E+00   -0.58502E+00 70784   0.447E+00
DAV:   6    -0.588270456583E+03   -0.85471E-01   -0.85467E-01107072   0.235E+00
DAV:   7    -0.588270839171E+03   -0.38259E-03   -0.38257E-03 54848   0.107E-01
   1 F= -.58827084E+03 E0= -.58827084E+03  d E =0.000000E+00
 PROFILE, used timers:     146
