 ----------------------------------------------------
    OOO  PPPP  EEEEE N   N M   M PPPP
   O   O P   P E     NN  N MM MM P   P
   O   O PPPP  EEEEE N N N M M M PPPP   -- VERSION
   O   O P     E     N  NN M   M P
    OOO  P     EEEEE N   N M   M P
 ----------------------------------------------------
 running   64 mpi-ranks, with    8 threads/rank
 distrk:  each k-point on   64 cores,    1 groups
 distr:  one band on    1 cores,   64 groups
 using from now: INCAR     
 vasp.5.4.3 09Sep16 (build Apr 12 2017 11:03:34) complex                        
  
 POSCAR found type information on POSCAR  Er Al Ga O 
 POSCAR found :  4 types and      80 ions
 scaLAPACK will be used

 ----------------------------------------------------------------------------- 
|                                                                             |
|           W    W    AA    RRRRR   N    N  II  N    N   GGGG   !!!           |
|           W    W   A  A   R    R  NN   N  II  NN   N  G    G  !!!           |
|           W    W  A    A  R    R  N N  N  II  N N  N  G       !!!           |
|           W WW W  AAAAAA  RRRRR   N  N N  II  N  N N  G  GGG   !            |
|           WW  WW  A    A  R   R   N   NN  II  N   NN  G    G                |
|           W    W  A    A  R    R  N    N  II  N    N   GGGG   !!!           |
|                                                                             |
|      For optimal performance we recommend to set                            |
|        NCORE= 4 - approx SQRT( number of cores)                             |
|      NCORE specifies how many cores store one orbital (NPAR=cpu/NCORE).     |
|      This setting can  greatly improve the performance of VASP for DFT.     |
|      The default,   NCORE=1            might be grossly inefficient         |
|      on modern multi-core architectures or massively parallel machines.     |
|      Do your own testing !!!!                                               |
|      Unfortunately you need to use the default for GW and RPA calculations. |
|      (for HF NCORE is supported but not extensively tested yet)             |
|                                                                             |
 ----------------------------------------------------------------------------- 

 LDA part: xc-table for Pade appr. of Perdew
 POSCAR, INCAR and KPOINTS ok, starting setup
 FFT: planning ...
 WAVECAR not read
 WARNING: chargedensity file is incomplete
 entering main loop
       N       E                     dE             d eps       ncg     rms          rms(c)
DAV:   1     0.744337854516E+04    0.74434E+04   -0.24696E+05  4096   0.231E+03
DAV:   2     0.614032708685E+03   -0.68293E+04   -0.63455E+04  4864   0.724E+02
DAV:   3    -0.607540615088E+03   -0.12216E+04   -0.11985E+04  5312   0.307E+02
DAV:   4    -0.659506950758E+03   -0.51966E+02   -0.51759E+02  5184   0.505E+01
DAV:   5    -0.660420983122E+03   -0.91403E+00   -0.91332E+00  4288   0.685E+00    0.593E+01
RMM:   6    -0.582903833553E+03    0.77517E+02   -0.31811E+02  4679   0.271E+01    0.166E+01
RMM:   7    -0.586654701039E+03   -0.37509E+01   -0.18413E+01  4025   0.159E+01    0.106E+01
RMM:   8    -0.587938948491E+03   -0.12842E+01   -0.12664E+01  4639   0.494E+00    0.604E+00
RMM:   9    -0.588146817093E+03   -0.20787E+00   -0.16637E+00  4045   0.444E+00    0.122E+00
RMM:  10    -0.588195947745E+03   -0.49131E-01   -0.79381E-01  4658   0.154E+00    0.708E-01
RMM:  11    -0.588204521737E+03   -0.85740E-02   -0.12621E-01  4337   0.903E-01    0.399E-01
RMM:  12    -0.588207518373E+03   -0.29966E-02   -0.47554E-02  4509   0.360E-01    0.263E-01
RMM:  13    -0.588207769618E+03   -0.25124E-03   -0.14614E-02  4474   0.279E-01    0.128E-01
RMM:  14    -0.588207851728E+03   -0.82109E-04   -0.29570E-03  4565   0.118E-01    0.897E-02
RMM:  15    -0.588207837448E+03    0.14279E-04   -0.19731E-03  4495   0.771E-02    0.224E-02
RMM:  16    -0.588207859875E+03   -0.22427E-04   -0.32479E-04  4513   0.383E-02    0.162E-02
RMM:  17    -0.588207868271E+03   -0.83963E-05   -0.14835E-04  4146   0.211E-02    0.280E-03
RMM:  18    -0.588207871739E+03   -0.34679E-05   -0.31804E-05  3850   0.137E-02    0.496E-03
RMM:  19    -0.588207872430E+03   -0.69151E-06   -0.14371E-05  3151   0.734E-03    0.198E-03
RMM:  20    -0.588207872885E+03   -0.45494E-06   -0.44127E-06  2759   0.640E-03    0.651E-04
RMM:  21    -0.588207873317E+03   -0.43138E-06   -0.20566E-06  2721   0.498E-03    0.368E-04
RMM:  22    -0.588207873354E+03   -0.36787E-07   -0.52591E-07  2361   0.454E-03
   1 F= -.58820787E+03 E0= -.58820787E+03  d E =-.588208E+03  mag=    -0.0000
 curvature:   0.00 expect dE= 0.000E+00 dE for cont linesearch  0.000E+00
 trial: gam= 0.00000 g(F)=  0.670E-02 g(S)=  0.658E-02 ort = 0.000E+00 (trialstep = 0.100E+01)
 search vector abs. value=  0.133E-01
 bond charge predicted
       N       E                     dE             d eps       ncg     rms          rms(c)
DAV:   1    -0.588248554101E+03   -0.40681E-01   -0.26005E+00  6144   0.459E+00    0.139E+00
RMM:   2    -0.588216863784E+03    0.31690E-01   -0.13266E-01  4228   0.826E-01    0.529E-01
RMM:   3    -0.588210942323E+03    0.59215E-02   -0.24827E-02  4596   0.438E-01    0.180E-01
RMM:   4    -0.588209830505E+03    0.11118E-02   -0.47006E-03  4754   0.306E-01    0.433E-02
RMM:   5    -0.588209835293E+03   -0.47888E-05   -0.80904E-04  4626   0.704E-02    0.152E-02
RMM:   6    -0.588209819255E+03    0.16038E-04   -0.17037E-04  4799   0.358E-02    0.101E-02
RMM:   7    -0.588209817928E+03    0.13274E-05   -0.37576E-05  4473   0.167E-02    0.300E-03
RMM:   8    -0.588209818665E+03   -0.73663E-06   -0.10809E-05  4052   0.885E-03    0.186E-03
RMM:   9    -0.588209818517E+03    0.14725E-06   -0.36190E-06  3509   0.625E-03    0.118E-03
RMM:  10    -0.588209817944E+03    0.57291E-06   -0.76036E-07  2794   0.415E-03    0.539E-04
RMM:  11    -0.588209817992E+03   -0.47672E-07   -0.52679E-07  2363   0.403E-03
   2 F= -.58820982E+03 E0= -.58820982E+03  d E =-.194464E-02  mag=     0.0000
 trial-energy change:   -0.001945  1 .order   -0.001745   -0.013282    0.009791
 step:   0.5882(harm=  0.5756)  dis= 0.00150  next Energy=  -588.211820 (dE=-0.395E-02)
 bond charge predicted
       N       E                     dE             d eps       ncg     rms          rms(c)
DAV:   1    -0.588218443544E+03   -0.86256E-02   -0.44108E-01  6144   0.188E+00    0.577E-01
RMM:   2    -0.588212941829E+03    0.55017E-02   -0.22248E-02  4222   0.339E-01    0.217E-01
RMM:   3    -0.588211966420E+03    0.97541E-03   -0.41763E-03  4542   0.196E-01    0.756E-02
RMM:   4    -0.588211785241E+03    0.18118E-03   -0.83124E-04  4681   0.134E-01    0.163E-02
RMM:   5    -0.588211795534E+03   -0.10294E-04   -0.14545E-04  4600   0.322E-02    0.671E-03
RMM:   6    -0.588211801888E+03   -0.63540E-05   -0.31132E-05  4722   0.165E-02    0.407E-03
RMM:   7    -0.588211802363E+03   -0.47441E-06   -0.65818E-06  3969   0.811E-03    0.139E-03
RMM:   8    -0.588211802440E+03   -0.77271E-07   -0.14550E-06  2878   0.521E-03    0.569E-04
RMM:   9    -0.588211802861E+03   -0.42113E-06   -0.38806E-07  2295   0.482E-03    0.445E-04
RMM:  10    -0.588211803077E+03   -0.21579E-06   -0.14662E-07  2090   0.439E-03    0.245E-04
RMM:  11    -0.588211803022E+03    0.54722E-07   -0.58922E-08  2051   0.445E-03
   3 F= -.58821180E+03 E0= -.58821180E+03  d E =-.392967E-02  mag=    -0.0000
 curvature:  -0.29 expect dE=-0.411E-03 dE for cont linesearch -0.326E-05
 ZBRENT: interpolating
 opt :   0.5715  next Energy=  -588.211806 (dE=-0.393E-02)
 bond charge predicted
       N       E                     dE             d eps       ncg     rms          rms(c)
DAV:   1    -0.588211811970E+03   -0.88934E-05   -0.72887E-04  6144   0.766E-02    0.235E-02
RMM:   2    -0.588211803347E+03    0.86235E-05   -0.37231E-05  4208   0.139E-02    0.883E-03
RMM:   3    -0.588211801920E+03    0.14267E-05   -0.69960E-06  4454   0.815E-03    0.305E-03
RMM:   4    -0.588211801794E+03    0.12596E-06   -0.10744E-06  2695   0.583E-03    0.609E-04
RMM:   5    -0.588211801979E+03   -0.18501E-06   -0.19649E-07  2094   0.332E-03    0.198E-04
RMM:   6    -0.588211802180E+03   -0.20098E-06   -0.73261E-08  2006   0.320E-03    0.141E-04
RMM:   7    -0.588211802244E+03   -0.63665E-07   -0.19890E-08  1957   0.342E-03
   4 F= -.58821180E+03 E0= -.58821180E+03  d E =-.392889E-02  mag=    -0.0000
 curvature:  -0.29 expect dE=-0.377E-03 dE for cont linesearch -0.329E-07
 trial: gam= 0.10228 g(F)=  0.952E-03 g(S)=  0.368E-03 ort =-0.391E-04 (trialstep = 0.914E+00)
 search vector abs. value=  0.145E-02
 bond charge predicted
       N       E                     dE             d eps       ncg     rms          rms(c)
DAV:   1    -0.588211402148E+03    0.40003E-03   -0.30069E-01  4608   0.106E+00    0.183E-01
RMM:   2    -0.588212751671E+03   -0.13495E-02   -0.21109E-02  4717   0.413E-01    0.784E-02
RMM:   3    -0.588212739113E+03    0.12558E-04   -0.16804E-03  3978   0.177E-01    0.291E-02
RMM:   4    -0.588212770601E+03   -0.31488E-04   -0.70651E-04  4712   0.503E-02    0.188E-02
RMM:   5    -0.588212764667E+03    0.59332E-05   -0.11098E-04  4287   0.276E-02    0.161E-02
RMM:   6    -0.588212760194E+03    0.44736E-05   -0.36391E-05  4456   0.133E-02    0.287E-03
RMM:   7    -0.588212761912E+03   -0.17186E-05   -0.12201E-05  3988   0.649E-03    0.577E-03
RMM:   8    -0.588212761739E+03    0.17348E-06   -0.50534E-06  3763   0.567E-03    0.126E-03
RMM:   9    -0.588212761922E+03   -0.18303E-06   -0.66684E-07  2415   0.337E-03    0.165E-03
RMM:  10    -0.588212761892E+03    0.29599E-07   -0.34290E-08  2012   0.407E-03
   5 F= -.58821276E+03 E0= -.58821276E+03  d E =-.959648E-03  mag=     0.0000
 trial-energy change:   -0.000960  1 .order   -0.000988   -0.001203   -0.000773
 step:   2.5590(harm=  2.5590)  dis= 0.00292  next Energy=  -588.213485 (dE=-0.168E-02)
 bond charge predicted
       N       E                     dE             d eps       ncg     rms          rms(c)
DAV:   1    -0.588208998400E+03    0.37635E-02   -0.97298E-01  4480   0.191E+00    0.331E-01
RMM:   2    -0.588213356691E+03   -0.43583E-02   -0.68346E-02  4721   0.743E-01    0.141E-01
RMM:   3    -0.588213304862E+03    0.51828E-04   -0.53648E-03  3963   0.311E-01    0.524E-02
RMM:   4    -0.588213402844E+03   -0.97981E-04   -0.22718E-03  4713   0.914E-02    0.336E-02
RMM:   5    -0.588213384328E+03    0.18516E-04   -0.34900E-04  4261   0.497E-02    0.277E-02
RMM:   6    -0.588213370157E+03    0.14171E-04   -0.11785E-04  4539   0.229E-02    0.518E-03
RMM:   7    -0.588213374797E+03   -0.46400E-05   -0.38441E-05  4313   0.107E-02    0.102E-02
RMM:   8    -0.588213373610E+03    0.11870E-05   -0.14744E-05  3967   0.878E-03    0.175E-03
RMM:   9    -0.588213374316E+03   -0.70562E-06   -0.36861E-06  3497   0.531E-03    0.372E-03
RMM:  10    -0.588213374109E+03    0.20732E-06   -0.43405E-07  2338   0.445E-03    0.217E-03
RMM:  11    -0.588213374097E+03    0.12034E-07   -0.54617E-07  2465   0.444E-03
   6 F= -.58821337E+03 E0= -.58821337E+03  d E =-.157185E-02  mag=    -0.0000
 curvature:  -1.41 expect dE=-0.756E-03 dE for cont linesearch -0.122E-05
 trial: gam= 0.43019 g(F)=  0.446E-03 g(S)=  0.899E-04 ort =-0.355E-04 (trialstep = 0.124E+01)
 search vector abs. value=  0.773E-03
 bond charge predicted
       N       E                     dE             d eps       ncg     rms          rms(c)
DAV:   1    -0.588212289028E+03    0.10851E-02   -0.30887E-01  4480   0.990E-01    0.122E-01
RMM:   2    -0.588213534462E+03   -0.12454E-02   -0.15442E-02  4662   0.353E-01    0.527E-02
RMM:   3    -0.588213639545E+03   -0.10508E-03   -0.19269E-03  4281   0.168E-01    0.288E-02
RMM:   4    -0.588213642667E+03   -0.31213E-05   -0.40552E-04  4661   0.489E-02    0.126E-02
RMM:   5    -0.588213641486E+03    0.11807E-05   -0.58968E-05  4347   0.208E-02    0.479E-03
RMM:   6    -0.588213642297E+03   -0.81075E-06   -0.21227E-05  3940   0.952E-03    0.216E-03
RMM:   7    -0.588213642181E+03    0.11609E-06   -0.51545E-06  3321   0.616E-03    0.163E-03
RMM:   8    -0.588213642129E+03    0.51259E-07   -0.13350E-06  2885   0.509E-03    0.639E-04
RMM:   9    -0.588213642200E+03   -0.70839E-07   -0.73908E-07  2440   0.437E-03
   7 F= -.58821364E+03 E0= -.58821364E+03  d E =-.268104E-03  mag=    -0.0000
 trial-energy change:   -0.000268  1 .order   -0.000234   -0.000647    0.000178
 step:   1.0199(harm=  0.9751)  dis= 0.00088  next Energy=  -588.213658 (dE=-0.284E-03)
 bond charge predicted
       N       E                     dE             d eps       ncg     rms          rms(c)
DAV:   1    -0.588213609622E+03    0.32508E-04   -0.99403E-03  4608   0.178E-01    0.216E-02
RMM:   2    -0.588213650884E+03   -0.41262E-04   -0.50221E-04  4653   0.629E-02    0.944E-03
RMM:   3    -0.588213654447E+03   -0.35632E-05   -0.58843E-05  4177   0.321E-02    0.523E-03
RMM:   4    -0.588213654720E+03   -0.27272E-06   -0.12987E-05  4247   0.943E-03    0.218E-03
RMM:   5    -0.588213654790E+03   -0.70344E-07   -0.18401E-06  3110   0.522E-03    0.852E-04
RMM:   6    -0.588213654964E+03   -0.17439E-06   -0.31810E-07  2273   0.427E-03    0.279E-04
RMM:   7    -0.588213655049E+03   -0.84532E-07   -0.14550E-07  2137   0.452E-03
   8 F= -.58821366E+03 E0= -.58821366E+03  d E =-.280952E-03  mag=    -0.0000
 curvature:  -0.70 expect dE=-0.443E-04 dE for cont linesearch -0.278E-06
 ZBRENT: interpolating
 opt :   0.9867  next Energy=  -588.213655 (dE=-0.281E-03)
 bond charge predicted
       N       E                     dE             d eps       ncg     rms          rms(c)
DAV:   1    -0.588213654304E+03    0.66012E-06   -0.22553E-04  5376   0.272E-02    0.317E-03
RMM:   2    -0.588213654747E+03   -0.44309E-06   -0.55282E-06  4466   0.464E-03    0.139E-03
RMM:   3    -0.588213654716E+03    0.30850E-07   -0.62052E-07  2131   0.437E-03    0.758E-04
RMM:   4    -0.588213654742E+03   -0.25582E-07   -0.80309E-08  1958   0.260E-03    0.857E-05
RMM:   5    -0.588213654754E+03   -0.12391E-07   -0.14124E-08  1834   0.301E-03
   9 F= -.58821365E+03 E0= -.58821365E+03  d E =-.280658E-03  mag=    -0.0000
 curvature:  -0.73 expect dE=-0.439E-04 dE for cont linesearch -0.156E-06
 ZBRENT: interpolating
 opt :   0.8972  next Energy=  -588.213655 (dE=-0.281E-03)
 bond charge predicted
       N       E                     dE             d eps       ncg     rms          rms(c)
DAV:   1    -0.588213643033E+03    0.11709E-04   -0.15819E-03  4608   0.715E-02    0.855E-03
RMM:   2    -0.588213649810E+03   -0.67772E-05   -0.80386E-05  4633   0.252E-02    0.370E-03
RMM:   3    -0.588213650604E+03   -0.79372E-06   -0.10248E-05  3741   0.138E-02    0.210E-03
RMM:   4    -0.588213650653E+03   -0.48589E-07   -0.17080E-06  3272   0.480E-03    0.800E-04
RMM:   5    -0.588213650710E+03   -0.57473E-07   -0.51827E-07  2400   0.423E-03
  10 F= -.58821365E+03 E0= -.58821365E+03  d E =-.276614E-03  mag=     0.0000
 curvature:  -2.76 expect dE=-0.157E-03 dE for cont linesearch -0.984E-05
 ZBRENT: interpolating
 opt :   0.9691  next Energy=  -588.213655 (dE=-0.281E-03)
 bond charge predicted
       N       E                     dE             d eps       ncg     rms          rms(c)
DAV:   1    -0.588213650247E+03    0.40608E-06   -0.10403E-03  4608   0.575E-02    0.718E-03
RMM:   2    -0.588213654382E+03   -0.41351E-05   -0.52350E-05  4680   0.199E-02    0.315E-03
RMM:   3    -0.588213654504E+03   -0.12202E-06   -0.56901E-06  3569   0.974E-03    0.165E-03
RMM:   4    -0.588213654439E+03    0.65040E-07   -0.92224E-07  2849   0.405E-03    0.615E-04
RMM:   5    -0.588213654431E+03    0.77052E-08   -0.26680E-07  2177   0.400E-03
  11 F= -.58821365E+03 E0= -.58821365E+03  d E =-.280334E-03  mag=    -0.0000
 curvature:  -0.03 expect dE=-0.187E-05 dE for cont linesearch -0.142E-07
 ZBRENT: interpolating
 opt :   0.9796  next Energy=  -588.213655 (dE=-0.281E-03)
 bond charge predicted
       N       E                     dE             d eps       ncg     rms          rms(c)
DAV:   1    -0.588213654765E+03   -0.32623E-06   -0.22146E-05  5376   0.982E-03    0.802E-04
RMM:   2    -0.588213654752E+03    0.13395E-07   -0.54687E-07  3356   0.145E-03    0.439E-04
RMM:   3    -0.588213654706E+03    0.45824E-07   -0.18581E-08  1721   0.256E-03    0.289E-04
RMM:   4    -0.588213654685E+03    0.20744E-07   -0.40689E-08  1797   0.253E-03    0.117E-04
RMM:   5    -0.588213654679E+03    0.55079E-08   -0.30910E-08  1681   0.218E-03
  12 F= -.58821365E+03 E0= -.58821365E+03  d E =-.280583E-03  mag=     0.0000
 curvature:  -0.10 expect dE=-0.605E-05 dE for cont linesearch -0.293E-07
 ZBRENT: interpolating
 opt :   0.9834  next Energy=  -588.213655 (dE=-0.281E-03)
 bond charge predicted
       N       E                     dE             d eps       ncg     rms          rms(c)
DAV:   1    -0.588213654785E+03   -0.10050E-06   -0.28835E-06  4096   0.419E-03    0.348E-04
RMM:   2    -0.588213654763E+03    0.22075E-07   -0.68029E-08  1644   0.665E-04    0.126E-04
RMM:   3    -0.588213654751E+03    0.12747E-07    0.67414E-09  1591   0.113E-03    0.783E-05
RMM:   4    -0.588213654741E+03    0.92841E-08    0.30359E-08  1578   0.144E-03    0.566E-05
RMM:   5    -0.588213654738E+03    0.33324E-08   -0.38554E-09  1687   0.191E-03
  13 F= -.58821365E+03 E0= -.58821365E+03  d E =-.280641E-03  mag=     0.0000
 curvature:  -0.07 expect dE=-0.445E-05 dE for cont linesearch -0.615E-08
 trial: gam= 0.06541 g(F)=  0.590E-04 g(S)=  0.548E-06 ort = 0.798E-05 (trialstep = 0.119E+01)
 search vector abs. value=  0.639E-04
 bond charge predicted
       N       E                     dE             d eps       ncg     rms          rms(c)
DAV:   1    -0.588213622072E+03    0.32669E-04   -0.23869E-02  3520   0.255E-01    0.262E-02
RMM:   2    -0.588213699735E+03   -0.77663E-04   -0.91066E-04  4185   0.903E-02    0.808E-03
RMM:   3    -0.588213708696E+03   -0.89611E-05   -0.18509E-04  4823   0.299E-02    0.877E-03
RMM:   4    -0.588213704604E+03    0.40920E-05   -0.92635E-06  3480   0.119E-02    0.446E-03
RMM:   5    -0.588213705123E+03   -0.51878E-06   -0.11852E-05  3524   0.786E-03    0.471E-03
RMM:   6    -0.588213704710E+03    0.41343E-06   -0.20120E-06  3385   0.493E-03    0.149E-03
RMM:   7    -0.588213704821E+03   -0.11117E-06   -0.64721E-07  2506   0.396E-03    0.500E-04
RMM:   8    -0.588213704818E+03    0.26630E-08   -0.13929E-07  2118   0.372E-03
  14 F= -.58821370E+03 E0= -.58821370E+03  d E =-.500803E-04  mag=     0.0000
 trial-energy change:   -0.000050  1 .order   -0.000032   -0.000072    0.000007
 step:   1.1471(harm=  1.0895)  dis= 0.00028  next Energy=  -588.213705 (dE=-0.502E-04)
 reached required accuracy - stopping structural energy minimisation
 PROFILE, used timers:     230
